[M::bwa_idx_load_from_disk] read 3171 ALT contigs
[M::process] read 41318 sequences (3633601 bp)...
[M::mem_pestat] # candidate unique pairs for (FF, FR, RF, RR): (0, 20120, 0, 0)
[M::mem_pestat] skip orientation FF as there are not enough pairs
[M::mem_pestat] analyzing insert size distribution for orientation FR...
[M::mem_pestat] (25, 50, 75) percentile: (154, 189, 232)
[M::mem_pestat] low and high boundaries for computing mean and std.dev: (1, 388)
[M::mem_pestat] mean and std.dev: (196.32, 56.75)
[M::mem_pestat] low and high boundaries for proper pairs: (1, 466)
[M::mem_pestat] skip orientation RF as there are not enough pairs
[M::mem_pestat] skip orientation RR as there are not enough pairs
[M::mem_process_seqs] Processed 41318 reads in 2.819 CPU sec, 0.478 real sec
[main] Version: 0.7.17-r1188
[main] CMD: bwa mem -m 4G -t 6 -R @RG\tID:tumour-chr2\tSM:tumour-chr2\tLB:WES\tPL:Illumina /home/lizeluan/wes/ref/Homo_sapiens_assembly38.fasta /home/lizeluan/wes/fq/tumour-chr2_r1.fq.gz /home/lizeluan/wes/fq/tumour-chr2_r2.fq.gz
[main] Real time: 2.852 sec; CPU: 5.187 sec
[bam_sort_core] merging from 0 files and 6 in-memory blocks...
09:12:52.833 INFO  NativeLibraryLoader - Loading libgkl_compression.so from jar:file:/home/lizeluan/software/picard.jar!/com/intel/gkl/native/libgkl_compression.so
[Fri Dec 22 09:12:52 HKT 2023] MarkDuplicates --INPUT /home/lizeluan/wes/02align/tumour-chr2.bam --OUTPUT /home/lizeluan/wes/02align/tumour-chr2_mdup.bam --METRICS_FILE /home/lizeluan/wes/02align/tumour-chr2_metrics.txt --MAX_SEQUENCES_FOR_DISK_READ_ENDS_MAP 50000 --MAX_FILE_HANDLES_FOR_READ_ENDS_MAP 8000 --SORTING_COLLECTION_SIZE_RATIO 0.25 --TAG_DUPLICATE_SET_MEMBERS false --REMOVE_SEQUENCING_DUPLICATES false --TAGGING_POLICY DontTag --CLEAR_DT true --DUPLEX_UMI false --ADD_PG_TAG_TO_READS true --REMOVE_DUPLICATES false --ASSUME_SORTED false --DUPLICATE_SCORING_STRATEGY SUM_OF_BASE_QUALITIES --PROGRAM_RECORD_ID MarkDuplicates --PROGRAM_GROUP_NAME MarkDuplicates --READ_NAME_REGEX <optimized capture of last three ':' separated fields as numeric values> --OPTICAL_DUPLICATE_PIXEL_DISTANCE 100 --MAX_OPTICAL_DUPLICATE_SET_SIZE 300000 --VERBOSITY INFO --QUIET false --VALIDATION_STRINGENCY STRICT --COMPRESSION_LEVEL 5 --MAX_RECORDS_IN_RAM 500000 --CREATE_INDEX false --CREATE_MD5_FILE false --GA4GH_CLIENT_SECRETS client_secrets.json --help false --version false --showHidden false --USE_JDK_DEFLATER false --USE_JDK_INFLATER false
[Fri Dec 22 09:12:52 HKT 2023] Executing as lizeluan@sge-master on Linux 3.10.0-1160.11.1.el7.x86_64 amd64; OpenJDK 64-Bit Server VM 21.0.1-internal-adhoc.conda.src; Deflater: Intel; Inflater: Intel; Provider GCS is not available; Picard version: Version:2.25.5
INFO	2023-12-22 09:12:52	MarkDuplicates	Start of doWork freeMemory: 277064536; totalMemory: 285212672; maxMemory: 31675383808
INFO	2023-12-22 09:12:52	MarkDuplicates	Reading input file and constructing read end information.
INFO	2023-12-22 09:12:52	MarkDuplicates	Will retain up to 114765883 data points before spilling to disk.
INFO	2023-12-22 09:12:53	MarkDuplicates	Read 41359 records. 0 pairs never matched.
INFO	2023-12-22 09:12:53	MarkDuplicates	After buildSortedReadEndLists freeMemory: 841206704; totalMemory: 1795162112; maxMemory: 31675383808
INFO	2023-12-22 09:12:53	MarkDuplicates	Will retain up to 989855744 duplicate indices before spilling to disk.
INFO	2023-12-22 09:12:55	MarkDuplicates	Traversing read pair information and detecting duplicates.
INFO	2023-12-22 09:12:55	MarkDuplicates	Traversing fragment information and detecting duplicates.
INFO	2023-12-22 09:12:55	MarkDuplicates	Sorting list of duplicate records.
INFO	2023-12-22 09:12:55	MarkDuplicates	After generateDuplicateIndexes freeMemory: 5539876664; totalMemory: 13488881664; maxMemory: 31675383808
INFO	2023-12-22 09:12:55	MarkDuplicates	Marking 5398 records as duplicates.
INFO	2023-12-22 09:12:55	MarkDuplicates	Found 2 optical duplicate clusters.
INFO	2023-12-22 09:12:55	MarkDuplicates	Reads are assumed to be ordered by: coordinate
INFO	2023-12-22 09:12:56	MarkDuplicates	Writing complete. Closing input iterator.
INFO	2023-12-22 09:12:56	MarkDuplicates	Duplicate Index cleanup.
INFO	2023-12-22 09:12:56	MarkDuplicates	Getting Memory Stats.
INFO	2023-12-22 09:12:56	MarkDuplicates	Before output close freeMemory: 936072136; totalMemory: 956301312; maxMemory: 31675383808
INFO	2023-12-22 09:12:56	MarkDuplicates	Closed outputs. Getting more Memory Stats.
INFO	2023-12-22 09:12:56	MarkDuplicates	After output close freeMemory: 222486120; totalMemory: 234881024; maxMemory: 31675383808
[Fri Dec 22 09:12:56 HKT 2023] picard.sam.markduplicates.MarkDuplicates done. Elapsed time: 0.06 minutes.
Runtime.totalMemory()=234881024
Using GATK jar /home/lizeluan/software/gatk-4.5.0.0/gatk-package-4.5.0.0-local.jar
Running:
    java -Dsamjdk.use_async_io_read_samtools=false -Dsamjdk.use_async_io_write_samtools=true -Dsamjdk.use_async_io_write_tribble=false -Dsamjdk.compression_level=2 -jar /home/lizeluan/software/gatk-4.5.0.0/gatk-package-4.5.0.0-local.jar BaseRecalibrator -I /home/lizeluan/wes/02align/tumour-chr2_mdup.bam -R /home/lizeluan/wes/ref/Homo_sapiens_assembly38.fasta --known-sites /home/lizeluan/wes/ref/1000G_phase1.snps.high_confidence.hg38.vcf.gz --known-sites /home/lizeluan/wes/ref/Mills_and_1000G_gold_standard.indels.hg38.vcf.gz --known-sites /home/lizeluan/wes/ref/Homo_sapiens_assembly38.dbsnp138.vcf -O /home/lizeluan/wes/03realign/tumour-chr2_recal.table
09:12:57.984 INFO  NativeLibraryLoader - Loading libgkl_compression.so from jar:file:/home/lizeluan/software/gatk-4.5.0.0/gatk-package-4.5.0.0-local.jar!/com/intel/gkl/native/libgkl_compression.so
09:13:03.113 INFO  BaseRecalibrator - ------------------------------------------------------------
09:13:03.115 INFO  BaseRecalibrator - The Genome Analysis Toolkit (GATK) v4.5.0.0
09:13:03.115 INFO  BaseRecalibrator - For support and documentation go to https://software.broadinstitute.org/gatk/
09:13:03.115 INFO  BaseRecalibrator - Executing as lizeluan@sge-master on Linux v3.10.0-1160.11.1.el7.x86_64 amd64
09:13:03.115 INFO  BaseRecalibrator - Java runtime: OpenJDK 64-Bit Server VM v21.0.1-internal-adhoc.conda.src
09:13:03.116 INFO  BaseRecalibrator - Start Date/Time: December 22, 2023, 9:12:57 AM HKT
09:13:03.116 INFO  BaseRecalibrator - ------------------------------------------------------------
09:13:03.116 INFO  BaseRecalibrator - ------------------------------------------------------------
09:13:03.116 INFO  BaseRecalibrator - HTSJDK Version: 4.1.0
09:13:03.116 INFO  BaseRecalibrator - Picard Version: 3.1.1
09:13:03.117 INFO  BaseRecalibrator - Built for Spark Version: 3.5.0
09:13:03.117 INFO  BaseRecalibrator - HTSJDK Defaults.COMPRESSION_LEVEL : 2
09:13:03.117 INFO  BaseRecalibrator - HTSJDK Defaults.USE_ASYNC_IO_READ_FOR_SAMTOOLS : false
09:13:03.117 INFO  BaseRecalibrator - HTSJDK Defaults.USE_ASYNC_IO_WRITE_FOR_SAMTOOLS : true
09:13:03.117 INFO  BaseRecalibrator - HTSJDK Defaults.USE_ASYNC_IO_WRITE_FOR_TRIBBLE : false
09:13:03.117 INFO  BaseRecalibrator - Deflater: IntelDeflater
09:13:03.117 INFO  BaseRecalibrator - Inflater: IntelInflater
09:13:03.117 INFO  BaseRecalibrator - GCS max retries/reopens: 20
09:13:03.117 INFO  BaseRecalibrator - Requester pays: disabled
09:13:03.118 INFO  BaseRecalibrator - Initializing engine
09:13:03.386 INFO  FeatureManager - Using codec VCFCodec to read file file:///home/lizeluan/wes/ref/1000G_phase1.snps.high_confidence.hg38.vcf.gz
09:13:03.509 INFO  FeatureManager - Using codec VCFCodec to read file file:///home/lizeluan/wes/ref/Mills_and_1000G_gold_standard.indels.hg38.vcf.gz
09:13:03.604 INFO  FeatureManager - Using codec VCFCodec to read file file:///home/lizeluan/wes/ref/Homo_sapiens_assembly38.dbsnp138.vcf
09:13:03.800 INFO  BaseRecalibrator - Done initializing engine
09:13:03.810 INFO  BaseRecalibrationEngine - The covariates being used here: 
09:13:03.811 INFO  BaseRecalibrationEngine - 	ReadGroupCovariate
09:13:03.811 INFO  BaseRecalibrationEngine - 	QualityScoreCovariate
09:13:03.811 INFO  BaseRecalibrationEngine - 	ContextCovariate
09:13:03.811 INFO  BaseRecalibrationEngine - 	CycleCovariate
09:13:03.851 INFO  ProgressMeter - Starting traversal
09:13:03.852 INFO  ProgressMeter -        Current Locus  Elapsed Minutes       Reads Processed     Reads/Minute
09:13:04.855 INFO  BaseRecalibrator - 15 read(s) filtered by: MappingQualityNotZeroReadFilter 
0 read(s) filtered by: MappingQualityAvailableReadFilter 
0 read(s) filtered by: MappedReadFilter 
0 read(s) filtered by: NotSecondaryAlignmentReadFilter 
5397 read(s) filtered by: NotDuplicateReadFilter 
0 read(s) filtered by: PassesVendorQualityCheckReadFilter 
0 read(s) filtered by: WellformedReadFilter 
5412 total reads filtered out of 41359 reads processed
09:13:04.857 INFO  ProgressMeter -       chr2:189877260              0.0                 35947        2150368.9
09:13:04.857 INFO  ProgressMeter - Traversal complete. Processed 35947 total reads in 0.0 minutes.
09:13:04.880 INFO  BaseRecalibrator - Calculating quantized quality scores...
09:13:04.887 INFO  BaseRecalibrator - Writing recalibration report...
09:13:05.116 INFO  BaseRecalibrator - ...done!
09:13:05.117 INFO  BaseRecalibrator - BaseRecalibrator was able to recalibrate 35947 reads
09:13:05.117 INFO  BaseRecalibrator - Shutting down engine
[December 22, 2023, 9:13:05 AM HKT] org.broadinstitute.hellbender.tools.walkers.bqsr.BaseRecalibrator done. Elapsed time: 0.12 minutes.
Runtime.totalMemory()=1191182336
Tool returned:
SUCCESS
Using GATK jar /home/lizeluan/software/gatk-4.5.0.0/gatk-package-4.5.0.0-local.jar
Running:
    java -Dsamjdk.use_async_io_read_samtools=false -Dsamjdk.use_async_io_write_samtools=true -Dsamjdk.use_async_io_write_tribble=false -Dsamjdk.compression_level=2 -jar /home/lizeluan/software/gatk-4.5.0.0/gatk-package-4.5.0.0-local.jar ApplyBQSR -I /home/lizeluan/wes/02align/tumour-chr2_mdup.bam -R /home/lizeluan/wes/ref/Homo_sapiens_assembly38.fasta --bqsr-recal-file /home/lizeluan/wes/03realign/tumour-chr2_recal.table -O /home/lizeluan/wes/03realign/tumour-chr2_mdup_recal.bam
09:13:06.745 INFO  NativeLibraryLoader - Loading libgkl_compression.so from jar:file:/home/lizeluan/software/gatk-4.5.0.0/gatk-package-4.5.0.0-local.jar!/com/intel/gkl/native/libgkl_compression.so
09:13:11.868 INFO  ApplyBQSR - ------------------------------------------------------------
09:13:11.871 INFO  ApplyBQSR - The Genome Analysis Toolkit (GATK) v4.5.0.0
09:13:11.871 INFO  ApplyBQSR - For support and documentation go to https://software.broadinstitute.org/gatk/
09:13:11.871 INFO  ApplyBQSR - Executing as lizeluan@sge-master on Linux v3.10.0-1160.11.1.el7.x86_64 amd64
09:13:11.871 INFO  ApplyBQSR - Java runtime: OpenJDK 64-Bit Server VM v21.0.1-internal-adhoc.conda.src
09:13:11.872 INFO  ApplyBQSR - Start Date/Time: December 22, 2023, 9:13:06 AM HKT
09:13:11.872 INFO  ApplyBQSR - ------------------------------------------------------------
09:13:11.872 INFO  ApplyBQSR - ------------------------------------------------------------
09:13:11.873 INFO  ApplyBQSR - HTSJDK Version: 4.1.0
09:13:11.873 INFO  ApplyBQSR - Picard Version: 3.1.1
09:13:11.873 INFO  ApplyBQSR - Built for Spark Version: 3.5.0
09:13:11.873 INFO  ApplyBQSR - HTSJDK Defaults.COMPRESSION_LEVEL : 2
09:13:11.873 INFO  ApplyBQSR - HTSJDK Defaults.USE_ASYNC_IO_READ_FOR_SAMTOOLS : false
09:13:11.873 INFO  ApplyBQSR - HTSJDK Defaults.USE_ASYNC_IO_WRITE_FOR_SAMTOOLS : true
09:13:11.873 INFO  ApplyBQSR - HTSJDK Defaults.USE_ASYNC_IO_WRITE_FOR_TRIBBLE : false
09:13:11.873 INFO  ApplyBQSR - Deflater: IntelDeflater
09:13:11.874 INFO  ApplyBQSR - Inflater: IntelInflater
09:13:11.874 INFO  ApplyBQSR - GCS max retries/reopens: 20
09:13:11.874 INFO  ApplyBQSR - Requester pays: disabled
09:13:11.874 INFO  ApplyBQSR - Initializing engine
09:13:12.160 INFO  ApplyBQSR - Done initializing engine
09:13:12.206 INFO  ProgressMeter - Starting traversal
09:13:12.206 INFO  ProgressMeter -        Current Locus  Elapsed Minutes       Reads Processed     Reads/Minute
09:13:12.969 INFO  ApplyBQSR - 0 read(s) filtered by: WellformedReadFilter 

09:13:12.970 INFO  ProgressMeter -       chr2:189877494              0.0                 41359        3248089.0
09:13:12.970 INFO  ProgressMeter - Traversal complete. Processed 41359 total reads in 0.0 minutes.
09:13:13.187 INFO  ApplyBQSR - Shutting down engine
[December 22, 2023, 9:13:13 AM HKT] org.broadinstitute.hellbender.tools.walkers.bqsr.ApplyBQSR done. Elapsed time: 0.11 minutes.
Runtime.totalMemory()=1191182336
